// Jest Snapshot v1, https://goo.gl/fbAQLP

exports[`<Excerpt /> should render 1`] = `
.c6 {
  grid-column-start: 3;
  font-family: "IBM Plex Mono";
  font-weight: 700;
  font-size: 1.75rem;
  line-height: 2.25rem;
}

.c1 {
  color: rgb(90, 94, 0);
  text-decoration: none;
  transition-property: color,background-color,border-color,text-decoration-color,fill,stroke,opacity,box-shadow,transform,filter,backdrop-filter;
  transition-timing-function: cubic-bezier(0.4, 0, 0.2, 1);
  transition-duration: 150ms;
}

.c1 :hover,
.c1 :active,
.c1 :focus {
  text-decoration: underline;
}

.c14 {
  font-size: 1.5rem;
  line-height: 2rem;
  font-family: "IBM Plex Sans";
  font-weight: 400;
  margin-top: 1rem;
  margin-bottom: 1rem;
}

.c9 {
  display: flex;
  flex-direction: row;
}

.c10 {
  display: flex;
  flex-direction: row;
  align-items: center;
  margin-right: 1rem;
}

.c10 :last-child {
  margin-right: 0px;
}

.c11 {
  height: 1.125rem;
  widht: 1.125rem;
  display: inline-block;
  margin-right: 0.5rem;
  flex-shrink: 0;
}

.c12 {
  display: flex;
  flex-direction: row;
  flex-wrap: wrap;
  margin-top: 0.5rem;
}

.c13 {
  margin-right: 1rem;
}

.c13 :last-child {
  margin-right: 0px;
}

.c8 {
  display: flex;
  flex-direction: column;
}

.c7 {
  grid-column-start: auto;
}

.c2 {
  color: rgb(0, 0, 0);
}

.c2:hover .c5 {
  text-decoration: underline;
}

.c3 {
  width: 100%;
  display: flex;
  aspect-ratio: 16/9;
}

.c4 {
  display: flex;
  align-items: flex-end;
  margin-top: 0.25rem;
  width: 100%;
  z-index: 40;
  position: relative;
}

.c15 {
  font-size: 1.125rem;
  line-height: 1.75rem;
  margin-top: 0.25rem;
}

.c16 {
  white-space: nowrap;
}

.c0 {
  max-width: 35rem;
}

<li
  class="c0"
>
  <article
    aria-label="Terveys kuuluu kaikille"
    itemscope=""
    itemtype="https://schema.org/CreativeWork"
  >
    <a
      class="c1 c2"
      href="/blogi/sote-on-hyvinvointiyhteiskunnan-kulmakivi/"
      rel="permalink"
    >
      <div
        class="gatsby-image-wrapper gatsby-image-wrapper-constrained c3"
        data-gatsby-image-wrapper=""
        style="position: relative; overflow: hidden; display: inline-block; vertical-align: top;"
      >
        <div
          style="max-width: 4032px; display: block;"
        >
          <img
            alt=""
            aria-hidden="true"
            role="presentation"
            src="data:image/svg+xml;charset=utf-8,%3Csvg%20height='1728'%20width='4032'%20xmlns='http://www.w3.org/2000/svg'%20version='1.1'%3E%3C/svg%3E"
            style="max-width: 100%; display: block; position: static;"
          />
        </div>
        <img
          alt=""
          aria-hidden="true"
          data-placeholder-image=""
          decoding="async"
          src="data:image/jpeg;base64,/9j/4AAQSkZJRgABAQEBLAEsAAD/2wBDABALDA4MChAODQ4SERATGCgaGBYWGDEjJR0oOjM9PDkzODdASFxOQERXRTc4UG1RV19iZ2hnPk1xeXBkeFxlZ2P/2wBDARESEhgVGC8aGi9jQjhCY2NjY2NjY2NjY2NjY2NjY2NjY2NjY2NjY2NjY2NjY2NjY2NjY2NjY2NjY2NjY2NjY2P/wAARCAAJABQDAREAAhEBAxEB/8QAFQABAQAAAAAAAAAAAAAAAAAABQT/xAAiEAACAQIGAwEAAAAAAAAAAAABAhEAAwQFEhMxcTI1QXL/xAAYAQEAAwEAAAAAAAAAAAAAAAADAAIEAf/EABsRAQACAwEBAAAAAAAAAAAAAAABAgMRMSES/9oADAMBAAIRAxEAPwA6zlpYFt6BMERxQ7X+TOZ4BsFhVu7qvpUK2lYHdTLTUbHb3kASzIYVWjn6aBWfV9vxPVLLQQz71dj8iu5OQO/Atrg91msN/9k="
          style="height: 100%; left: 0px; position: absolute; top: 0px; width: 100%;"
        />
        <picture>
          <source
            data-srcset="https://images.ctfassets.net/44t6u1r4zgqq/5aPvGwEnquvx8jkXJmkYE5/25e52ab22adc2730dce65ab3686cf060/Lauri-Lavanti-21-9.jpg?w=1008&h=432&q=50&fm=webp 1008w,https://images.ctfassets.net/44t6u1r4zgqq/5aPvGwEnquvx8jkXJmkYE5/25e52ab22adc2730dce65ab3686cf060/Lauri-Lavanti-21-9.jpg?w=2016&h=864&q=50&fm=webp 2016w,https://images.ctfassets.net/44t6u1r4zgqq/5aPvGwEnquvx8jkXJmkYE5/25e52ab22adc2730dce65ab3686cf060/Lauri-Lavanti-21-9.jpg?w=4000&h=1714&q=50&fm=webp 4000w"
            sizes="(min-width: 4032px) 4032px, 100vw"
            type="image/webp"
          />
          <img
            alt="imageAlt"
            data-gatsby-image-ssr=""
            data-main-image=""
            data-src="https://images.ctfassets.net/44t6u1r4zgqq/5aPvGwEnquvx8jkXJmkYE5/25e52ab22adc2730dce65ab3686cf060/Lauri-Lavanti-21-9.jpg?w=1008&h=432&fl=progressive&q=50&fm=jpg"
            data-srcset="https://images.ctfassets.net/44t6u1r4zgqq/5aPvGwEnquvx8jkXJmkYE5/25e52ab22adc2730dce65ab3686cf060/Lauri-Lavanti-21-9.jpg?w=1008&h=432&fl=progressive&q=50&fm=jpg 1008w,https://images.ctfassets.net/44t6u1r4zgqq/5aPvGwEnquvx8jkXJmkYE5/25e52ab22adc2730dce65ab3686cf060/Lauri-Lavanti-21-9.jpg?w=2016&h=864&fl=progressive&q=50&fm=jpg 2016w,https://images.ctfassets.net/44t6u1r4zgqq/5aPvGwEnquvx8jkXJmkYE5/25e52ab22adc2730dce65ab3686cf060/Lauri-Lavanti-21-9.jpg?w=4000&h=1714&fl=progressive&q=50&fm=jpg 4000w"
            decoding="async"
            loading="lazy"
            sizes="(min-width: 4032px) 4032px, 100vw"
            style="height: 100%; left: 0px; position: absolute; top: 0px; transform: translateZ(0); transition: opacity 250ms linear; width: 100%; will-change: opacity; opacity: 0;"
          />
        </picture>
        <noscript />
        <script
          type="module"
        >
          const t="undefined"!=typeof HTMLImageElement&&"loading"in HTMLImageElement.prototype;if(t){const t=document.querySelectorAll("img[data-main-image]");for(let e of t){e.dataset.src&&(e.setAttribute("src",e.dataset.src),e.removeAttribute("data-src")),e.dataset.srcset&&(e.setAttribute("srcset",e.dataset.srcset),e.removeAttribute("data-srcset"));const t=e.parentNode.querySelectorAll("source[data-srcset]");for(let e of t)e.setAttribute("srcset",e.dataset.srcset),e.removeAttribute("data-srcset");e.complete&&(e.style.opacity=1,e.parentNode.parentNode.querySelector("[data-placeholder-image]").style.opacity=0)}}
        </script>
      </div>
      <div
        class="c4"
      >
        <h2
          class="c5 c6 c7"
          id="terveys-kuuluu-kaikille"
          itemprop="headline"
        >
          Terveys kuuluu kaikille
        </h2>
      </div>
    </a>
    <aside
      aria-label="Kirjoituksen Terveys kuuluu kaikille meta-tiedot"
      class="c8"
    >
      <div
        class="c9"
      >
        <span
          class="c10"
        >
          <svg
            class="c11"
            fill="currentColor"
            height="1em"
            stroke="currentColor"
            stroke-width="0"
            viewBox="0 0 448 512"
            width="1em"
            xmlns="http://www.w3.org/2000/svg"
          >
            <path
              d="M152 24c0-13.3-10.7-24-24-24s-24 10.7-24 24V64H64C28.7 64 0 92.7 0 128v16 48V448c0 35.3 28.7 64 64 64H384c35.3 0 64-28.7 64-64V192 144 128c0-35.3-28.7-64-64-64H344V24c0-13.3-10.7-24-24-24s-24 10.7-24 24V64H152V24zM48 192h80v56H48V192zm0 104h80v64H48V296zm128 0h96v64H176V296zm144 0h80v64H320V296zm80-48H320V192h80v56zm0 160v40c0 8.8-7.2 16-16 16H320V408h80zm-128 0v56H176V408h96zm-144 0v56H64c-8.8 0-16-7.2-16-16V408h80zM272 248H176V192h96v56z"
            />
          </svg>
          <time
            datetime="2022-01-19"
          >
            19.01.2022
          </time>
        </span>
      </div>
      <ul
        class="c12"
      >
        <li
          class="c13"
        >
          <a
            class="c1"
            href="/kategoria/aluevaalit/"
          >
            #
            aluevaalit
          </a>
        </li>
        <li
          class="c13"
        >
          <a
            class="c1"
            href="/kategoria/soteuudistus/"
          >
            #
            soteuudistus
          </a>
        </li>
        <li
          class="c13"
        >
          <a
            class="c1"
            href="/kategoria/kirkkonummi/"
          >
            #
            kirkkonummi
          </a>
        </li>
      </ul>
    </aside>
    <p
      class="c14 c15"
      itemprop="description"
    >
      Poistamalla sosiaali- ja terveydenhuollon asiakasmaksut, säästämme byrokratiassa. Lisäksi pääsemme hoitamaan ongelmia ennen kuin niistä tulee merkittäviä. Ja tärkeimpänä varmistamme, ettei kukaan jää ilman hoitoa taloudellisista syistä.
       
      <a
        class="c1 c16"
        href="/blogi/sote-on-hyvinvointiyhteiskunnan-kulmakivi/"
        rel="permalink"
      >
        Lue lisää »
      </a>
    </p>
  </article>
</li>
`;
