// Jest Snapshot v1, https://goo.gl/fbAQLP

exports[`<ContactInfo /> should render 1`] = `
<ul
  class="css-17j0lcr"
>
  <li
    class="css-u4p24i"
  >
    <svg
      class="css-1rc7hph"
    >
      <use
        xlink:href="#icon-envelope"
      />
    </svg>
    <span>
      lauri.lavanti@kirkkonummi.fi
    </span>
  </li>
  <li>
    <a
      class="css-mkqfkm"
      href="https://www.facebook.com/laurilavanti"
      rel="noopener noreferrer"
      target="_blank"
    >
      <svg
        class="css-hhnjdb"
      >
        <use
          xlink:href="#icon-facebook"
        />
      </svg>
      <span>
        Facebook
      </span>
    </a>
  </li>
  <li>
    <a
      class="css-mkqfkm"
      href="https://twitter.com/laurilavanti"
      rel="noopener noreferrer"
      target="_blank"
    >
      <svg
        class="css-1k3g5xr"
      >
        <use
          xlink:href="#icon-twitter"
        />
      </svg>
      Twitter
    </a>
  </li>
</ul>
`;
