// Jest Snapshot v1, https://goo.gl/fbAQLP

exports[`<H2 /> should render 1`] = `
.emotion-0 {
  grid-column-start: 3;
  font-family: "Signika Negative";
  font-weight: 700;
  font-size: 2.25rem;
  line-height: 2.5rem;
}

<h2
  class="emotion-0"
  id="aakkoset-ja-lapset-leikkivat"
>
  Ääkköset ja Lapset Leikkivät
</h2>
`;
