// Jest Snapshot v1, https://goo.gl/fbAQLP

exports[`<HR /> should render 1`] = `
.c0 {
  grid-column-start: 3;
  margin-bottom: 1rem;
}

<hr
  class="c0"
/>
`;
