// Jest Snapshot v1, https://jestjs.io/docs/snapshot-testing

exports[`<LI /> should render 1`] = `
.c0 {
  font-size: 1.5rem;
  line-height: 2rem;
  font-family: "IBM Plex Sans",Trebuchet MS;
  font-weight: 400;
  margin-left: 1.25rem;
}

.c0 >.sc-bRKDuR {
  margin: 0;
}

.c0:before {
  color: rgb(0, 98, 114);
  content: "Â»";
  left: 0;
  position: absolute;
}

<ul>
  <li
    class="c0"
  >
    item
  </li>
</ul>
`;
