// Jest Snapshot v1, https://goo.gl/fbAQLP

exports[`<Link /> should render 1`] = `
<a
  class="css-1hi3wl"
  href="https://laurilavanti.fi"
>
  Linkki
</a>
`;
