// Jest Snapshot v1, https://goo.gl/fbAQLP

exports[`<Paragraph /> should render 1`] = `
.c0 {
  font-size: 1.5rem;
  line-height: 2rem;
  font-family: "IBM Plex Sans";
  font-weight: 400;
  margin-top: 1rem;
  margin-bottom: 1rem;
}

<p
  class="c0"
>
  Children
</p>
`;
