// Jest Snapshot v1, https://goo.gl/fbAQLP

exports[`<PostMeta /> should render 1`] = `
.emotion-0 {
  display: -webkit-box;
  display: -webkit-flex;
  display: -ms-flexbox;
  display: flex;
  -webkit-flex-direction: column;
  -ms-flex-direction: column;
  flex-direction: column;
}

.emotion-1 {
  display: -webkit-box;
  display: -webkit-flex;
  display: -ms-flexbox;
  display: flex;
  -webkit-flex-direction: row;
  -ms-flex-direction: row;
  flex-direction: row;
  margin-bottom: 0.5rem;
}

.emotion-2 {
  display: -webkit-box;
  display: -webkit-flex;
  display: -ms-flexbox;
  display: flex;
  -webkit-flex-direction: row;
  -ms-flex-direction: row;
  flex-direction: row;
  -webkit-align-items: center;
  -webkit-box-align: center;
  -ms-flex-align: center;
  align-items: center;
  margin-right: 1rem;
}

.emotion-2:last-child {
  margin-right: 0px;
}

.emotion-3 {
  height: 1.125rem;
  width: 1.125rem;
  display: inline-block;
  fill: currentColor;
  margin-right: 0.5rem;
  -webkit-flex-shrink: 0;
  -ms-flex-negative: 0;
  flex-shrink: 0;
}

.emotion-4 {
  display: -webkit-box;
  display: -webkit-flex;
  display: -ms-flexbox;
  display: flex;
  -webkit-flex-direction: row;
  -ms-flex-direction: row;
  flex-direction: row;
  -webkit-box-flex-wrap: wrap;
  -webkit-flex-wrap: wrap;
  -ms-flex-wrap: wrap;
  flex-wrap: wrap;
}

.emotion-5 {
  margin-right: 1rem;
}

.emotion-5:last-child {
  margin-right: 0px;
}

.emotion-6 {
  transition-property: background-color,border-color,color,fill,stroke,opacity,box-shadow,transform,filter,backdrop-filter;
  transition-timing-function: cubic-bezier(0.4, 0, 0.2, 1);
  transition-duration: 150ms;
  --tw-text-opacity: 1;
  color: rgba(90, 94, 0, var(--tw-text-opacity));
  -webkit-text-decoration: none;
  text-decoration: none;
  font-size: 1rem;
  line-height: 1.5rem;
}

.emotion-6:hover {
  -webkit-text-decoration: underline;
  text-decoration: underline;
}

.emotion-6:active {
  -webkit-text-decoration: underline;
  text-decoration: underline;
}

.emotion-6:focus {
  -webkit-text-decoration: underline;
  text-decoration: underline;
}

<aside
  class="emotion-0"
>
  <div
    class="emotion-1"
  >
    <span
      class="emotion-2"
    >
      <svg
        class="emotion-3"
      >
        <use
          xlink:href="#icon-calendar-alt"
        />
      </svg>
      <time
        datetime="2022-3-16"
      >
        16.3.2022
      </time>
    </span>
  </div>
  <ul
    class="emotion-4"
  >
    <li
      class="emotion-5"
    >
      <a
        class="emotion-6"
        href="/kategoria/kirkkonummi/"
      >
        #
        kirkkonummi
      </a>
    </li>
    <li
      class="emotion-5"
    >
      <a
        class="emotion-6"
        href="/kategoria/aluevaalit/"
      >
        #
        aluevaalit
      </a>
    </li>
    <li
      class="emotion-5"
    >
      <a
        class="emotion-6"
        href="/kategoria/sote/"
      >
        #
        sote
      </a>
    </li>
    <li
      class="emotion-5"
    >
      <a
        class="emotion-6"
        href="/kategoria/kuntavaalit/"
      >
        #
        kuntavaalit
      </a>
    </li>
  </ul>
</aside>
`;

exports[`<PostMeta /> should render multiple minutes 1`] = `
.emotion-0 {
  display: -webkit-box;
  display: -webkit-flex;
  display: -ms-flexbox;
  display: flex;
  -webkit-flex-direction: column;
  -ms-flex-direction: column;
  flex-direction: column;
}

.emotion-1 {
  display: -webkit-box;
  display: -webkit-flex;
  display: -ms-flexbox;
  display: flex;
  -webkit-flex-direction: row;
  -ms-flex-direction: row;
  flex-direction: row;
  margin-bottom: 0.5rem;
}

.emotion-2 {
  display: -webkit-box;
  display: -webkit-flex;
  display: -ms-flexbox;
  display: flex;
  -webkit-flex-direction: row;
  -ms-flex-direction: row;
  flex-direction: row;
  -webkit-align-items: center;
  -webkit-box-align: center;
  -ms-flex-align: center;
  align-items: center;
  margin-right: 1rem;
}

.emotion-2:last-child {
  margin-right: 0px;
}

.emotion-3 {
  height: 1.125rem;
  width: 1.125rem;
  display: inline-block;
  fill: currentColor;
  margin-right: 0.5rem;
  -webkit-flex-shrink: 0;
  -ms-flex-negative: 0;
  flex-shrink: 0;
}

.emotion-4 {
  display: -webkit-box;
  display: -webkit-flex;
  display: -ms-flexbox;
  display: flex;
  -webkit-flex-direction: row;
  -ms-flex-direction: row;
  flex-direction: row;
  -webkit-box-flex-wrap: wrap;
  -webkit-flex-wrap: wrap;
  -ms-flex-wrap: wrap;
  flex-wrap: wrap;
}

.emotion-5 {
  margin-right: 1rem;
}

.emotion-5:last-child {
  margin-right: 0px;
}

.emotion-6 {
  transition-property: background-color,border-color,color,fill,stroke,opacity,box-shadow,transform,filter,backdrop-filter;
  transition-timing-function: cubic-bezier(0.4, 0, 0.2, 1);
  transition-duration: 150ms;
  --tw-text-opacity: 1;
  color: rgba(90, 94, 0, var(--tw-text-opacity));
  -webkit-text-decoration: none;
  text-decoration: none;
  font-size: 1rem;
  line-height: 1.5rem;
}

.emotion-6:hover {
  -webkit-text-decoration: underline;
  text-decoration: underline;
}

.emotion-6:active {
  -webkit-text-decoration: underline;
  text-decoration: underline;
}

.emotion-6:focus {
  -webkit-text-decoration: underline;
  text-decoration: underline;
}

<aside
  class="emotion-0"
>
  <div
    class="emotion-1"
  >
    <span
      class="emotion-2"
    >
      <svg
        class="emotion-3"
      >
        <use
          xlink:href="#icon-calendar-alt"
        />
      </svg>
      <time
        datetime="2022-3-16"
      >
        16.3.2022
      </time>
    </span>
  </div>
  <ul
    class="emotion-4"
  >
    <li
      class="emotion-5"
    >
      <a
        class="emotion-6"
        href="/kategoria/kirkkonummi/"
      >
        #
        kirkkonummi
      </a>
    </li>
    <li
      class="emotion-5"
    >
      <a
        class="emotion-6"
        href="/kategoria/aluevaalit/"
      >
        #
        aluevaalit
      </a>
    </li>
    <li
      class="emotion-5"
    >
      <a
        class="emotion-6"
        href="/kategoria/sote/"
      >
        #
        sote
      </a>
    </li>
    <li
      class="emotion-5"
    >
      <a
        class="emotion-6"
        href="/kategoria/kuntavaalit/"
      >
        #
        kuntavaalit
      </a>
    </li>
  </ul>
</aside>
`;
