// Jest Snapshot v1, https://goo.gl/fbAQLP

exports[`<UL /> should render 1`] = `
.c0 {
  grid-column-start: 3;
  list-style: none;
  position: relative;
}

.c0 >li:not(:first-child) {
  margin-top: 0.5rem;
}

<ul
  class="c0"
>
  <li>
    Lista
  </li>
</ul>
`;
