// Jest Snapshot v1, https://goo.gl/fbAQLP

exports[`<BlockQuote /> should render 1`] = `
.c0 {
  border-left-color: rgb(214, 210, 196);
  border-left-width: 4px;
  font-family: "IBM Plex Mono",Lucida Sans Typewriter;
  font-style: italic;
  font-weight: 400;
  grid-column-start: 3;
  padding-bottom: 0.5rem;
  padding-left: 0.5rem;
  padding-top: 0.5rem;
  font-size: 1.5rem;
  line-height: 2rem;
}

<blockquote
  class="c0"
>
  Test text
</blockquote>
`;
