// Jest Snapshot v1, https://goo.gl/fbAQLP

exports[`<ContactInfo /> should render 1`] = `
.c3 {
  color: rgb(90, 94, 0);
  text-decoration: underline;
}

.c4 {
  display: flex;
  flex-direction: row;
  align-items: center;
}

.c2 {
  width: 1rem;
  height: 1rem;
  margin-right: 0.5rem;
}

.c5 {
  width: 1rem;
  height: 1rem;
  margin-right: 0.5rem;
  fill: #4267B2;
}

.c6 {
  width: 1rem;
  height: 1rem;
  margin-right: 0.5rem;
  fill: rgb(0, 0, 0);
}

.c7 {
  width: 1rem;
  height: 1rem;
  margin-right: 0.5rem;
  fill: url(#instagram-gradient);
}

.c8 {
  width: 1rem;
  height: 1rem;
  margin-right: 0.5rem;
  fill: #0E76A8;
}

.c9 {
  width: 1rem;
  height: 1rem;
  margin-right: 0.5rem;
  fill: #6363ff;
}

.c1 {
  display: flex;
  flex-direction: row;
  align-items: center;
}

.c0 {
  grid-column-start: 3;
  margin-top: 1rem;
}

<ul
  class="c0"
>
  <li
    class="c1"
  >
    <svg
      class="c2"
      fill="currentColor"
      height="1em"
      stroke="currentColor"
      stroke-width="0"
      viewBox="0 0 512 512"
      width="1em"
      xmlns="http://www.w3.org/2000/svg"
    >
      <path
        d="M48 64C21.5 64 0 85.5 0 112c0 15.1 7.1 29.3 19.2 38.4L236.8 313.6c11.4 8.5 27 8.5 38.4 0L492.8 150.4c12.1-9.1 19.2-23.3 19.2-38.4c0-26.5-21.5-48-48-48H48zM0 176V384c0 35.3 28.7 64 64 64H448c35.3 0 64-28.7 64-64V176L294.4 339.2c-22.8 17.1-54 17.1-76.8 0L0 176z"
      />
    </svg>
    <span>
      lauri.lavanti@kirkkonummi.fi
    </span>
  </li>
  <li
    class="c1"
  >
    <a
      class="c3 c4"
      href="https://www.facebook.com/laurilavanti"
      rel="me noopener noreferrer"
      target="_blank"
    >
      <svg
        class="c5"
        fill="currentColor"
        height="1em"
        stroke="currentColor"
        stroke-width="0"
        viewBox="0 0 512 512"
        width="1em"
        xmlns="http://www.w3.org/2000/svg"
      >
        <path
          d="M504 256C504 119 393 8 256 8S8 119 8 256c0 123.78 90.69 226.38 209.25 245V327.69h-63V256h63v-54.64c0-62.15 37-96.48 93.67-96.48 27.14 0 55.52 4.84 55.52 4.84v61h-31.28c-30.8 0-40.41 19.12-40.41 38.73V256h68.78l-11 71.69h-57.78V501C413.31 482.38 504 379.78 504 256z"
        />
      </svg>
      <span>
        Facebook
      </span>
    </a>
  </li>
  <li
    class="c1"
  >
    <a
      class="c3 c4"
      href="https://twitter.com/laurilavanti"
      rel="me noopener noreferrer"
      target="_blank"
    >
      <svg
        class="c6"
        fill="currentColor"
        height="1em"
        stroke="currentColor"
        stroke-width="0"
        viewBox="0 0 512 512"
        width="1em"
        xmlns="http://www.w3.org/2000/svg"
      >
        <path
          d="M389.2 48h70.6L305.6 224.2 487 464H345L233.7 318.6 106.5 464H35.8L200.7 275.5 26.8 48H172.4L272.9 180.9 389.2 48zM364.4 421.8h39.1L151.1 88h-42L364.4 421.8z"
        />
      </svg>
      <span>
        Twitter
      </span>
    </a>
  </li>
  <li
    class="c1"
  >
    <a
      class="c3 c4"
      href="https://www.instagram.com/laurilavanti/"
      rel="me noopener noreferrer"
      target="_blank"
    >
      <svg
        class="c7"
        fill="currentColor"
        height="1em"
        stroke="currentColor"
        stroke-width="0"
        viewBox="0 0 448 512"
        width="1em"
        xmlns="http://www.w3.org/2000/svg"
      >
        <path
          d="M224.1 141c-63.6 0-114.9 51.3-114.9 114.9s51.3 114.9 114.9 114.9S339 319.5 339 255.9 287.7 141 224.1 141zm0 189.6c-41.1 0-74.7-33.5-74.7-74.7s33.5-74.7 74.7-74.7 74.7 33.5 74.7 74.7-33.6 74.7-74.7 74.7zm146.4-194.3c0 14.9-12 26.8-26.8 26.8-14.9 0-26.8-12-26.8-26.8s12-26.8 26.8-26.8 26.8 12 26.8 26.8zm76.1 27.2c-1.7-35.9-9.9-67.7-36.2-93.9-26.2-26.2-58-34.4-93.9-36.2-37-2.1-147.9-2.1-184.9 0-35.8 1.7-67.6 9.9-93.9 36.1s-34.4 58-36.2 93.9c-2.1 37-2.1 147.9 0 184.9 1.7 35.9 9.9 67.7 36.2 93.9s58 34.4 93.9 36.2c37 2.1 147.9 2.1 184.9 0 35.9-1.7 67.7-9.9 93.9-36.2 26.2-26.2 34.4-58 36.2-93.9 2.1-37 2.1-147.8 0-184.8zM398.8 388c-7.8 19.6-22.9 34.7-42.6 42.6-29.5 11.7-99.5 9-132.1 9s-102.7 2.6-132.1-9c-19.6-7.8-34.7-22.9-42.6-42.6-11.7-29.5-9-99.5-9-132.1s-2.6-102.7 9-132.1c7.8-19.6 22.9-34.7 42.6-42.6 29.5-11.7 99.5-9 132.1-9s102.7-2.6 132.1 9c19.6 7.8 34.7 22.9 42.6 42.6 11.7 29.5 9 99.5 9 132.1s2.7 102.7-9 132.1z"
        />
      </svg>
      <span>
        Instagram
      </span>
    </a>
  </li>
  <li
    class="c1"
  >
    <a
      class="c3 c4"
      href="https://www.linkedin.com/in/lapanti"
      rel="me noopener noreferrer"
      target="_blank"
    >
      <svg
        class="c8"
        fill="currentColor"
        height="1em"
        stroke="currentColor"
        stroke-width="0"
        viewBox="0 0 448 512"
        width="1em"
        xmlns="http://www.w3.org/2000/svg"
      >
        <path
          d="M416 32H31.9C14.3 32 0 46.5 0 64.3v383.4C0 465.5 14.3 480 31.9 480H416c17.6 0 32-14.5 32-32.3V64.3c0-17.8-14.4-32.3-32-32.3zM135.4 416H69V202.2h66.5V416zm-33.2-243c-21.3 0-38.5-17.3-38.5-38.5S80.9 96 102.2 96c21.2 0 38.5 17.3 38.5 38.5 0 21.3-17.2 38.5-38.5 38.5zm282.1 243h-66.4V312c0-24.8-.5-56.7-34.5-56.7-34.6 0-39.9 27-39.9 54.9V416h-66.4V202.2h63.7v29.2h.9c8.9-16.8 30.6-34.5 62.9-34.5 67.2 0 79.7 44.3 79.7 101.9V416z"
        />
      </svg>
      <span>
        LinkedIn
      </span>
    </a>
  </li>
  <li
    class="c1"
  >
    <a
      class="c3 c4"
      href="https://mastodontti.fi/@laurilavanti"
      rel="me noopener noreferrer"
      target="_blank"
    >
      <svg
        class="c9"
        fill="currentColor"
        height="1em"
        stroke="currentColor"
        stroke-width="0"
        viewBox="0 0 448 512"
        width="1em"
        xmlns="http://www.w3.org/2000/svg"
      >
        <path
          d="M433 179.11c0-97.2-63.71-125.7-63.71-125.7-62.52-28.7-228.56-28.4-290.48 0 0 0-63.72 28.5-63.72 125.7 0 115.7-6.6 259.4 105.63 289.1 40.51 10.7 75.32 13 103.33 11.4 50.81-2.8 79.32-18.1 79.32-18.1l-1.7-36.9s-36.31 11.4-77.12 10.1c-40.41-1.4-83-4.4-89.63-54a102.54 102.54 0 0 1-.9-13.9c85.63 20.9 158.65 9.1 178.75 6.7 56.12-6.7 105-41.3 111.23-72.9 9.8-49.8 9-121.5 9-121.5zm-75.12 125.2h-46.63v-114.2c0-49.7-64-51.6-64 6.9v62.5h-46.33V197c0-58.5-64-56.6-64-6.9v114.2H90.19c0-122.1-5.2-147.9 18.41-175 25.9-28.9 79.82-30.8 103.83 6.1l11.6 19.5 11.6-19.5c24.11-37.1 78.12-34.8 103.83-6.1 23.71 27.3 18.4 53 18.4 175z"
        />
      </svg>
      <span>
        Mastodon
      </span>
    </a>
  </li>
</ul>
`;
