// Jest Snapshot v1, https://goo.gl/fbAQLP

exports[`<HomeTitle /> should render 1`] = `
.emotion-0 {
  z-index: 40;
  grid-column: 1/-1;
  margin-left: auto;
  margin-right: auto;
  margin-top: -41rem;
  display: grid;
  height: 41rem;
  width: 100%;
  max-width: 1920px;
  grid-template-columns: 1fr 0.5rem min(80ch, calc(100% - 1.125rem)) 0.5rem 1fr;
  overflow: hidden;
  background-image: linear-gradient(to right, var(--tw-gradient-stops));
  --tw-gradient-from: rgba(0,0,0,.85);
  --tw-gradient-to: rgba(0, 0, 0, 0);
  --tw-gradient-stops: var(--tw-gradient-from),rgba(0,0,0,.05),var(--tw-gradient-to);
  font-family: "Signika Negative";
  font-size: 3.75rem;
  line-height: 1;
  font-weight: 900;
  --tw-text-opacity: 1;
  color: rgb(255 255 255 / var(--tw-text-opacity));
}

.emotion-1 {
  grid-column-start: 3;
  margin-bottom: 1rem;
  display: -webkit-box;
  display: -webkit-flex;
  display: -ms-flexbox;
  display: flex;
  -webkit-flex-direction: column;
  -ms-flex-direction: column;
  flex-direction: column;
  -webkit-box-pack: end;
  -ms-flex-pack: end;
  -webkit-justify-content: flex-end;
  justify-content: flex-end;
  overflow: visible;
}

.emotion-2 {
  display: -webkit-box;
  display: -webkit-flex;
  display: -ms-flexbox;
  display: flex;
}

.emotion-3 {
  text-shadow: black 1px 1px 1px;
  -webkit-animation: slidein 1.1s ease-in-out;
  animation: slidein 1.1s ease-in-out;
  display: -webkit-box;
  display: -webkit-flex;
  display: -ms-flexbox;
  display: flex;
  width: 2.5rem;
  -webkit-box-pack: center;
  -ms-flex-pack: center;
  -webkit-justify-content: center;
  justify-content: center;
}

.emotion-5 {
  text-shadow: black 1px 1px 1px;
  -webkit-animation: slidein 1.0.9s ease-in-out;
  animation: slidein 1.0.9s ease-in-out;
  display: -webkit-box;
  display: -webkit-flex;
  display: -ms-flexbox;
  display: flex;
  width: 2.5rem;
  -webkit-box-pack: center;
  -ms-flex-pack: center;
  -webkit-justify-content: center;
  justify-content: center;
}

.emotion-7 {
  text-shadow: black 1px 1px 1px;
  -webkit-animation: slidein 1.0.8s ease-in-out;
  animation: slidein 1.0.8s ease-in-out;
  display: -webkit-box;
  display: -webkit-flex;
  display: -ms-flexbox;
  display: flex;
  width: 2.5rem;
  -webkit-box-pack: center;
  -ms-flex-pack: center;
  -webkit-justify-content: center;
  justify-content: center;
}

.emotion-9 {
  text-shadow: black 1px 1px 1px;
  -webkit-animation: slidein 1.0.7s ease-in-out;
  animation: slidein 1.0.7s ease-in-out;
  display: -webkit-box;
  display: -webkit-flex;
  display: -ms-flexbox;
  display: flex;
  width: 2.5rem;
  -webkit-box-pack: center;
  -ms-flex-pack: center;
  -webkit-justify-content: center;
  justify-content: center;
}

.emotion-11 {
  text-shadow: black 1px 1px 1px;
  -webkit-animation: slidein 1.0.6s ease-in-out;
  animation: slidein 1.0.6s ease-in-out;
  display: -webkit-box;
  display: -webkit-flex;
  display: -ms-flexbox;
  display: flex;
  width: 2.5rem;
  -webkit-box-pack: center;
  -ms-flex-pack: center;
  -webkit-justify-content: center;
  justify-content: center;
}

<div
  class="emotion-0"
>
  <h1
    aria-label="Lauri Lavanti"
    class="emotion-1"
  >
    <span
      class="emotion-2"
    >
      <span
        class="emotion-3"
      >
        L
      </span>
    </span>
    <span
      class="emotion-2"
    >
      <span
        class="emotion-5"
      >
        A
      </span>
    </span>
    <span
      class="emotion-2"
    >
      <span
        class="emotion-7"
      >
        U
      </span>
    </span>
    <span
      class="emotion-2"
    >
      <span
        class="emotion-9"
      >
        R
      </span>
    </span>
    <span
      class="emotion-2"
    >
      <span
        class="emotion-11"
      >
        I
      </span>
    </span>
  </h1>
</div>
`;
