// Jest Snapshot v1, https://goo.gl/fbAQLP

exports[`<Image /> should render image with caption 1`] = `
<figure
  aria-label="My caption"
  class="css-k5x8ge"
>
  <div
    class="gatsby-image-wrapper gatsby-image-wrapper-constrained css-3agn7a"
    data-gatsby-image-wrapper=""
    style="position: relative; overflow: hidden; display: inline-block; vertical-align: top;"
  >
    <div
      style="max-width: 4032px; display: block;"
    >
      <img
        alt=""
        aria-hidden="true"
        role="presentation"
        src="data:image/svg+xml;charset=utf-8,%3Csvg height='1728' width='4032' xmlns='http://www.w3.org/2000/svg' version='1.1'%3E%3C/svg%3E"
        style="max-width: 100%; display: block; position: static;"
      />
    </div>
    <img
      alt=""
      aria-hidden="true"
      data-placeholder-image=""
      decoding="async"
      src="data:image/jpeg;base64,/9j/4AAQSkZJRgABAQEBLAEsAAD/2wBDABALDA4MChAODQ4SERATGCgaGBYWGDEjJR0oOjM9PDkzODdASFxOQERXRTc4UG1RV19iZ2hnPk1xeXBkeFxlZ2P/2wBDARESEhgVGC8aGi9jQjhCY2NjY2NjY2NjY2NjY2NjY2NjY2NjY2NjY2NjY2NjY2NjY2NjY2NjY2NjY2NjY2NjY2P/wAARCAAJABQDAREAAhEBAxEB/8QAFQABAQAAAAAAAAAAAAAAAAAABQT/xAAiEAACAQIGAwEAAAAAAAAAAAABAhEAAwQFEhMxcTI1QXL/xAAYAQEAAwEAAAAAAAAAAAAAAAADAAIEAf/EABsRAQACAwEBAAAAAAAAAAAAAAABAgMRMSES/9oADAMBAAIRAxEAPwA6zlpYFt6BMERxQ7X+TOZ4BsFhVu7qvpUK2lYHdTLTUbHb3kASzIYVWjn6aBWfV9vxPVLLQQz71dj8iu5OQO/Atrg91msN/9k="
      style="height: 100%; left: 0px; position: absolute; top: 0px; width: 100%;"
    />
    <picture>
      <source
        data-srcset="https://images.ctfassets.net/44t6u1r4zgqq/5aPvGwEnquvx8jkXJmkYE5/25e52ab22adc2730dce65ab3686cf060/Lauri-Lavanti-21-9.jpg?w=1008&h=432&q=50&fm=webp 1008w,https://images.ctfassets.net/44t6u1r4zgqq/5aPvGwEnquvx8jkXJmkYE5/25e52ab22adc2730dce65ab3686cf060/Lauri-Lavanti-21-9.jpg?w=2016&h=864&q=50&fm=webp 2016w,https://images.ctfassets.net/44t6u1r4zgqq/5aPvGwEnquvx8jkXJmkYE5/25e52ab22adc2730dce65ab3686cf060/Lauri-Lavanti-21-9.jpg?w=4000&h=1714&q=50&fm=webp 4000w"
        sizes="(min-width: 4032px) 4032px, 100vw"
        type="image/webp"
      />
      <img
        alt="alt"
        data-gatsby-image-ssr=""
        data-main-image=""
        data-src="https://images.ctfassets.net/44t6u1r4zgqq/5aPvGwEnquvx8jkXJmkYE5/25e52ab22adc2730dce65ab3686cf060/Lauri-Lavanti-21-9.jpg?w=1008&h=432&fl=progressive&q=50&fm=jpg"
        data-srcset="https://images.ctfassets.net/44t6u1r4zgqq/5aPvGwEnquvx8jkXJmkYE5/25e52ab22adc2730dce65ab3686cf060/Lauri-Lavanti-21-9.jpg?w=1008&h=432&fl=progressive&q=50&fm=jpg 1008w,https://images.ctfassets.net/44t6u1r4zgqq/5aPvGwEnquvx8jkXJmkYE5/25e52ab22adc2730dce65ab3686cf060/Lauri-Lavanti-21-9.jpg?w=2016&h=864&fl=progressive&q=50&fm=jpg 2016w,https://images.ctfassets.net/44t6u1r4zgqq/5aPvGwEnquvx8jkXJmkYE5/25e52ab22adc2730dce65ab3686cf060/Lauri-Lavanti-21-9.jpg?w=4000&h=1714&fl=progressive&q=50&fm=jpg 4000w"
        decoding="async"
        loading="lazy"
        sizes="(min-width: 4032px) 4032px, 100vw"
        style="height: 100%; left: 0px; position: absolute; top: 0px; transform: translateZ(0); transition: opacity 250ms linear; width: 100%; will-change: opacity; opacity: 0;"
      />
    </picture>
    <noscript />
    <script
      type="module"
    >
      const t="undefined"!=typeof HTMLImageElement&&"loading"in HTMLImageElement.prototype;if(t){const t=document.querySelectorAll("img[data-main-image]");for(let e of t){e.dataset.src&&(e.setAttribute("src",e.dataset.src),e.removeAttribute("data-src")),e.dataset.srcset&&(e.setAttribute("srcset",e.dataset.srcset),e.removeAttribute("data-srcset"));const t=e.parentNode.querySelectorAll("source[data-srcset]");for(let e of t)e.setAttribute("srcset",e.dataset.srcset),e.removeAttribute("data-srcset");e.complete&&(e.style.opacity=1,e.parentNode.parentNode.querySelector("[data-placeholder-image]").style.opacity=0)}}
    </script>
  </div>
  <figcaption
    class="css-1co30af"
  >
    My caption
  </figcaption>
</figure>
`;
