// Jest Snapshot v1, https://goo.gl/fbAQLP

exports[`<TitleBanner /> should "render" meta 1`] = `
.c5 {
  display: flex;
  flex-direction: column;
}

.c3 {
  background-color: rgb(255, 255, 255);
  padding-left: 0.5rem;
  padding-right: 0.5rem;
  padding-top: 1rem;
}

.c4 {
  font-size: 3rem;
  line-height: 1;
  font-family: "Krana Fat";
}

.c6 {
  font-size: 1.25rem;
  line-height: 1.75rem;
}

.c0 {
  grid-column: 1/-1;
  padding-top: 3.75rem;
}

@media (min-width: 1200px) {
  .c3 {
    display: flex;
    flex-direction: column;
    justify-content: center;
    max-width: 37.5rem;
    padding-top: 0;
  }
}

@media (min-width: 1200px) {
  .c4 {
    font-size: 5rem;
    line-height: 1;
  }
}

@media (min-width: 1200px) {
  .c6 {
    font-size: 1.5rem;
    line-height: 2rem;
  }
}

@media (min-width: 1200px) {
  .c1 {
    display: flex;
    margin: auto;
  }

  .c1 >.,
  .c1 >.c2 {
    width: 50%;
  }
}

@media (min-width: 1200px) {
  .c1 {
    flex-direction: row-reverse;
  }
}

<div
  class="c0"
>
  <div
    class="c1"
  >
    <div
      class="gatsby-image-wrapper gatsby-image-wrapper-constrained "
      data-gatsby-image-wrapper=""
      style="position: relative; overflow: hidden; display: inline-block; vertical-align: top;"
    >
      <div
        style="max-width: 4032px; display: block;"
      >
        <img
          alt=""
          aria-hidden="true"
          role="presentation"
          src="data:image/svg+xml;charset=utf-8,%3Csvg%20height='1728'%20width='4032'%20xmlns='http://www.w3.org/2000/svg'%20version='1.1'%3E%3C/svg%3E"
          style="max-width: 100%; display: block; position: static;"
        />
      </div>
      <img
        alt=""
        aria-hidden="true"
        data-placeholder-image=""
        decoding="async"
        src="data:image/jpeg;base64,/9j/4AAQSkZJRgABAQEBLAEsAAD/2wBDABALDA4MChAODQ4SERATGCgaGBYWGDEjJR0oOjM9PDkzODdASFxOQERXRTc4UG1RV19iZ2hnPk1xeXBkeFxlZ2P/2wBDARESEhgVGC8aGi9jQjhCY2NjY2NjY2NjY2NjY2NjY2NjY2NjY2NjY2NjY2NjY2NjY2NjY2NjY2NjY2NjY2NjY2P/wAARCAAJABQDAREAAhEBAxEB/8QAFQABAQAAAAAAAAAAAAAAAAAABQT/xAAiEAACAQIGAwEAAAAAAAAAAAABAhEAAwQFEhMxcTI1QXL/xAAYAQEAAwEAAAAAAAAAAAAAAAADAAIEAf/EABsRAQACAwEBAAAAAAAAAAAAAAABAgMRMSES/9oADAMBAAIRAxEAPwA6zlpYFt6BMERxQ7X+TOZ4BsFhVu7qvpUK2lYHdTLTUbHb3kASzIYVWjn6aBWfV9vxPVLLQQz71dj8iu5OQO/Atrg91msN/9k="
        style="height: 100%; left: 0px; position: absolute; top: 0px; width: 100%;"
      />
      <picture>
        <source
          data-srcset="https://images.ctfassets.net/44t6u1r4zgqq/5aPvGwEnquvx8jkXJmkYE5/25e52ab22adc2730dce65ab3686cf060/Lauri-Lavanti-21-9.jpg?w=1008&h=432&q=50&fm=webp 1008w,https://images.ctfassets.net/44t6u1r4zgqq/5aPvGwEnquvx8jkXJmkYE5/25e52ab22adc2730dce65ab3686cf060/Lauri-Lavanti-21-9.jpg?w=2016&h=864&q=50&fm=webp 2016w,https://images.ctfassets.net/44t6u1r4zgqq/5aPvGwEnquvx8jkXJmkYE5/25e52ab22adc2730dce65ab3686cf060/Lauri-Lavanti-21-9.jpg?w=4000&h=1714&q=50&fm=webp 4000w"
          sizes="(min-width: 4032px) 4032px, 100vw"
          type="image/webp"
        />
        <img
          alt="Kuva Lauri Lavannista, taustalla näkyy metsää"
          data-gatsby-image-ssr=""
          data-main-image=""
          data-src="https://images.ctfassets.net/44t6u1r4zgqq/5aPvGwEnquvx8jkXJmkYE5/25e52ab22adc2730dce65ab3686cf060/Lauri-Lavanti-21-9.jpg?w=1008&h=432&fl=progressive&q=50&fm=jpg"
          data-srcset="https://images.ctfassets.net/44t6u1r4zgqq/5aPvGwEnquvx8jkXJmkYE5/25e52ab22adc2730dce65ab3686cf060/Lauri-Lavanti-21-9.jpg?w=1008&h=432&fl=progressive&q=50&fm=jpg 1008w,https://images.ctfassets.net/44t6u1r4zgqq/5aPvGwEnquvx8jkXJmkYE5/25e52ab22adc2730dce65ab3686cf060/Lauri-Lavanti-21-9.jpg?w=2016&h=864&fl=progressive&q=50&fm=jpg 2016w,https://images.ctfassets.net/44t6u1r4zgqq/5aPvGwEnquvx8jkXJmkYE5/25e52ab22adc2730dce65ab3686cf060/Lauri-Lavanti-21-9.jpg?w=4000&h=1714&fl=progressive&q=50&fm=jpg 4000w"
          decoding="async"
          loading="lazy"
          sizes="(min-width: 4032px) 4032px, 100vw"
          style="height: 100%; left: 0px; position: absolute; top: 0px; transform: translateZ(0); transition: opacity 250ms linear; width: 100%; will-change: opacity; opacity: 0;"
        />
      </picture>
      <noscript />
      <script
        type="module"
      >
        const t="undefined"!=typeof HTMLImageElement&&"loading"in HTMLImageElement.prototype;if(t){const t=document.querySelectorAll("img[data-main-image]");for(let e of t){e.dataset.src&&(e.setAttribute("src",e.dataset.src),e.removeAttribute("data-src")),e.dataset.srcset&&(e.setAttribute("srcset",e.dataset.srcset),e.removeAttribute("data-srcset"));const t=e.parentNode.querySelectorAll("source[data-srcset]");for(let e of t)e.setAttribute("srcset",e.dataset.srcset),e.removeAttribute("data-srcset");e.complete&&(e.style.opacity=1,e.parentNode.parentNode.querySelector("[data-placeholder-image]").style.opacity=0)}}
      </script>
    </div>
    <div
      class="c2 c3"
    >
      <h1
        class="c4"
      >
        Banner title
      </h1>
      <aside
        aria-label="Kirjoituksen Banner title meta-tiedot"
        class="c5 c6"
      >
        <time
          datetime="undefined-undefined-"
        />
      </aside>
    </div>
  </div>
</div>
`;

exports[`<TitleBanner /> should not render meta, even if present 1`] = `
.c3 {
  background-color: rgb(255, 255, 255);
  padding-left: 0.5rem;
  padding-right: 0.5rem;
  padding-top: 1rem;
}

.c4 {
  font-size: 3rem;
  line-height: 1;
  font-family: "Krana Fat";
}

.c0 {
  grid-column: 1/-1;
  padding-top: 3.75rem;
}

@media (min-width: 1200px) {
  .c3 {
    display: flex;
    flex-direction: column;
    justify-content: center;
    max-width: 37.5rem;
    padding-top: 0;
  }
}

@media (min-width: 1200px) {
  .c4 {
    font-size: 5rem;
    line-height: 1;
  }
}

@media (min-width: 1200px) {
  .c1 {
    display: flex;
    margin: auto;
  }

  .c1 >.,
  .c1 >.c2 {
    width: 50%;
  }
}

@media (min-width: 1200px) {
  .c1 {
    flex-direction: row-reverse;
  }
}

<div
  class="c0"
>
  <div
    class="c1"
  >
    <div
      class="gatsby-image-wrapper gatsby-image-wrapper-constrained "
      data-gatsby-image-wrapper=""
      style="position: relative; overflow: hidden; display: inline-block; vertical-align: top;"
    >
      <div
        style="max-width: 4032px; display: block;"
      >
        <img
          alt=""
          aria-hidden="true"
          role="presentation"
          src="data:image/svg+xml;charset=utf-8,%3Csvg%20height='1728'%20width='4032'%20xmlns='http://www.w3.org/2000/svg'%20version='1.1'%3E%3C/svg%3E"
          style="max-width: 100%; display: block; position: static;"
        />
      </div>
      <img
        alt=""
        aria-hidden="true"
        data-placeholder-image=""
        decoding="async"
        src="data:image/jpeg;base64,/9j/4AAQSkZJRgABAQEBLAEsAAD/2wBDABALDA4MChAODQ4SERATGCgaGBYWGDEjJR0oOjM9PDkzODdASFxOQERXRTc4UG1RV19iZ2hnPk1xeXBkeFxlZ2P/2wBDARESEhgVGC8aGi9jQjhCY2NjY2NjY2NjY2NjY2NjY2NjY2NjY2NjY2NjY2NjY2NjY2NjY2NjY2NjY2NjY2NjY2P/wAARCAAJABQDAREAAhEBAxEB/8QAFQABAQAAAAAAAAAAAAAAAAAABQT/xAAiEAACAQIGAwEAAAAAAAAAAAABAhEAAwQFEhMxcTI1QXL/xAAYAQEAAwEAAAAAAAAAAAAAAAADAAIEAf/EABsRAQACAwEBAAAAAAAAAAAAAAABAgMRMSES/9oADAMBAAIRAxEAPwA6zlpYFt6BMERxQ7X+TOZ4BsFhVu7qvpUK2lYHdTLTUbHb3kASzIYVWjn6aBWfV9vxPVLLQQz71dj8iu5OQO/Atrg91msN/9k="
        style="height: 100%; left: 0px; position: absolute; top: 0px; width: 100%;"
      />
      <picture>
        <source
          data-srcset="https://images.ctfassets.net/44t6u1r4zgqq/5aPvGwEnquvx8jkXJmkYE5/25e52ab22adc2730dce65ab3686cf060/Lauri-Lavanti-21-9.jpg?w=1008&h=432&q=50&fm=webp 1008w,https://images.ctfassets.net/44t6u1r4zgqq/5aPvGwEnquvx8jkXJmkYE5/25e52ab22adc2730dce65ab3686cf060/Lauri-Lavanti-21-9.jpg?w=2016&h=864&q=50&fm=webp 2016w,https://images.ctfassets.net/44t6u1r4zgqq/5aPvGwEnquvx8jkXJmkYE5/25e52ab22adc2730dce65ab3686cf060/Lauri-Lavanti-21-9.jpg?w=4000&h=1714&q=50&fm=webp 4000w"
          sizes="(min-width: 4032px) 4032px, 100vw"
          type="image/webp"
        />
        <img
          alt="Kuva Lauri Lavannista, taustalla näkyy metsää"
          data-gatsby-image-ssr=""
          data-main-image=""
          data-src="https://images.ctfassets.net/44t6u1r4zgqq/5aPvGwEnquvx8jkXJmkYE5/25e52ab22adc2730dce65ab3686cf060/Lauri-Lavanti-21-9.jpg?w=1008&h=432&fl=progressive&q=50&fm=jpg"
          data-srcset="https://images.ctfassets.net/44t6u1r4zgqq/5aPvGwEnquvx8jkXJmkYE5/25e52ab22adc2730dce65ab3686cf060/Lauri-Lavanti-21-9.jpg?w=1008&h=432&fl=progressive&q=50&fm=jpg 1008w,https://images.ctfassets.net/44t6u1r4zgqq/5aPvGwEnquvx8jkXJmkYE5/25e52ab22adc2730dce65ab3686cf060/Lauri-Lavanti-21-9.jpg?w=2016&h=864&fl=progressive&q=50&fm=jpg 2016w,https://images.ctfassets.net/44t6u1r4zgqq/5aPvGwEnquvx8jkXJmkYE5/25e52ab22adc2730dce65ab3686cf060/Lauri-Lavanti-21-9.jpg?w=4000&h=1714&fl=progressive&q=50&fm=jpg 4000w"
          decoding="async"
          loading="lazy"
          sizes="(min-width: 4032px) 4032px, 100vw"
          style="height: 100%; left: 0px; position: absolute; top: 0px; transform: translateZ(0); transition: opacity 250ms linear; width: 100%; will-change: opacity; opacity: 0;"
        />
      </picture>
      <noscript />
      <script
        type="module"
      >
        const t="undefined"!=typeof HTMLImageElement&&"loading"in HTMLImageElement.prototype;if(t){const t=document.querySelectorAll("img[data-main-image]");for(let e of t){e.dataset.src&&(e.setAttribute("src",e.dataset.src),e.removeAttribute("data-src")),e.dataset.srcset&&(e.setAttribute("srcset",e.dataset.srcset),e.removeAttribute("data-srcset"));const t=e.parentNode.querySelectorAll("source[data-srcset]");for(let e of t)e.setAttribute("srcset",e.dataset.srcset),e.removeAttribute("data-srcset");e.complete&&(e.style.opacity=1,e.parentNode.parentNode.querySelector("[data-placeholder-image]").style.opacity=0)}}
      </script>
    </div>
    <div
      class="c2 c3"
    >
      <h1
        class="c4"
      >
        Banner title
      </h1>
    </div>
  </div>
</div>
`;

exports[`<TitleBanner /> should render image without alt 1`] = `
.c3 {
  background-color: rgb(255, 255, 255);
  padding-left: 0.5rem;
  padding-right: 0.5rem;
  padding-top: 1rem;
}

.c4 {
  font-size: 3rem;
  line-height: 1;
  font-family: "Krana Fat";
}

.c0 {
  grid-column: 1/-1;
  padding-top: 3.75rem;
}

@media (min-width: 1200px) {
  .c3 {
    display: flex;
    flex-direction: column;
    justify-content: center;
    max-width: 37.5rem;
    padding-top: 0;
  }
}

@media (min-width: 1200px) {
  .c4 {
    font-size: 5rem;
    line-height: 1;
  }
}

@media (min-width: 1200px) {
  .c1 {
    display: flex;
    margin: auto;
  }

  .c1 >.,
  .c1 >.c2 {
    width: 50%;
  }
}

@media (min-width: 1200px) {
  .c1 {
    flex-direction: row;
  }
}

<div
  class="c0"
>
  <div
    class="c1"
  >
    <div
      class="gatsby-image-wrapper gatsby-image-wrapper-constrained "
      data-gatsby-image-wrapper=""
      style="position: relative; overflow: hidden; display: inline-block; vertical-align: top;"
    >
      <div
        style="max-width: 4032px; display: block;"
      >
        <img
          alt=""
          aria-hidden="true"
          role="presentation"
          src="data:image/svg+xml;charset=utf-8,%3Csvg%20height='1728'%20width='4032'%20xmlns='http://www.w3.org/2000/svg'%20version='1.1'%3E%3C/svg%3E"
          style="max-width: 100%; display: block; position: static;"
        />
      </div>
      <img
        alt=""
        aria-hidden="true"
        data-placeholder-image=""
        decoding="async"
        src="data:image/jpeg;base64,/9j/4AAQSkZJRgABAQEBLAEsAAD/2wBDABALDA4MChAODQ4SERATGCgaGBYWGDEjJR0oOjM9PDkzODdASFxOQERXRTc4UG1RV19iZ2hnPk1xeXBkeFxlZ2P/2wBDARESEhgVGC8aGi9jQjhCY2NjY2NjY2NjY2NjY2NjY2NjY2NjY2NjY2NjY2NjY2NjY2NjY2NjY2NjY2NjY2NjY2P/wAARCAAJABQDAREAAhEBAxEB/8QAFQABAQAAAAAAAAAAAAAAAAAABQT/xAAiEAACAQIGAwEAAAAAAAAAAAABAhEAAwQFEhMxcTI1QXL/xAAYAQEAAwEAAAAAAAAAAAAAAAADAAIEAf/EABsRAQACAwEBAAAAAAAAAAAAAAABAgMRMSES/9oADAMBAAIRAxEAPwA6zlpYFt6BMERxQ7X+TOZ4BsFhVu7qvpUK2lYHdTLTUbHb3kASzIYVWjn6aBWfV9vxPVLLQQz71dj8iu5OQO/Atrg91msN/9k="
        style="height: 100%; left: 0px; position: absolute; top: 0px; width: 100%;"
      />
      <picture>
        <source
          data-srcset="https://images.ctfassets.net/44t6u1r4zgqq/5aPvGwEnquvx8jkXJmkYE5/25e52ab22adc2730dce65ab3686cf060/Lauri-Lavanti-21-9.jpg?w=1008&h=432&q=50&fm=webp 1008w,https://images.ctfassets.net/44t6u1r4zgqq/5aPvGwEnquvx8jkXJmkYE5/25e52ab22adc2730dce65ab3686cf060/Lauri-Lavanti-21-9.jpg?w=2016&h=864&q=50&fm=webp 2016w,https://images.ctfassets.net/44t6u1r4zgqq/5aPvGwEnquvx8jkXJmkYE5/25e52ab22adc2730dce65ab3686cf060/Lauri-Lavanti-21-9.jpg?w=4000&h=1714&q=50&fm=webp 4000w"
          sizes="(min-width: 4032px) 4032px, 100vw"
          type="image/webp"
        />
        <img
          alt=""
          data-gatsby-image-ssr=""
          data-main-image=""
          data-src="https://images.ctfassets.net/44t6u1r4zgqq/5aPvGwEnquvx8jkXJmkYE5/25e52ab22adc2730dce65ab3686cf060/Lauri-Lavanti-21-9.jpg?w=1008&h=432&fl=progressive&q=50&fm=jpg"
          data-srcset="https://images.ctfassets.net/44t6u1r4zgqq/5aPvGwEnquvx8jkXJmkYE5/25e52ab22adc2730dce65ab3686cf060/Lauri-Lavanti-21-9.jpg?w=1008&h=432&fl=progressive&q=50&fm=jpg 1008w,https://images.ctfassets.net/44t6u1r4zgqq/5aPvGwEnquvx8jkXJmkYE5/25e52ab22adc2730dce65ab3686cf060/Lauri-Lavanti-21-9.jpg?w=2016&h=864&fl=progressive&q=50&fm=jpg 2016w,https://images.ctfassets.net/44t6u1r4zgqq/5aPvGwEnquvx8jkXJmkYE5/25e52ab22adc2730dce65ab3686cf060/Lauri-Lavanti-21-9.jpg?w=4000&h=1714&fl=progressive&q=50&fm=jpg 4000w"
          decoding="async"
          loading="lazy"
          sizes="(min-width: 4032px) 4032px, 100vw"
          style="height: 100%; left: 0px; position: absolute; top: 0px; transform: translateZ(0); transition: opacity 250ms linear; width: 100%; will-change: opacity; opacity: 0;"
        />
      </picture>
      <noscript />
      <script
        type="module"
      >
        const t="undefined"!=typeof HTMLImageElement&&"loading"in HTMLImageElement.prototype;if(t){const t=document.querySelectorAll("img[data-main-image]");for(let e of t){e.dataset.src&&(e.setAttribute("src",e.dataset.src),e.removeAttribute("data-src")),e.dataset.srcset&&(e.setAttribute("srcset",e.dataset.srcset),e.removeAttribute("data-srcset"));const t=e.parentNode.querySelectorAll("source[data-srcset]");for(let e of t)e.setAttribute("srcset",e.dataset.srcset),e.removeAttribute("data-srcset");e.complete&&(e.style.opacity=1,e.parentNode.parentNode.querySelector("[data-placeholder-image]").style.opacity=0)}}
      </script>
    </div>
    <div
      class="c2 c3"
    >
      <h1
        class="c4"
      >
        Banner title
      </h1>
    </div>
  </div>
</div>
`;

exports[`<TitleBanner /> should render meta 1`] = `
.c9 {
  color: rgb(90, 94, 0);
  text-decoration: none;
  transition-duration: 150ms;
  transition-property: color,background-color,border-color,text-decoration-color,fill,stroke,opacity,box-shadow,transform,filter,backdrop-filter;
  transition-timing-function: cubic-bezier(0.4, 0, 0.2, 1);
}

.c9 :hover,
.c9 :active,
.c9 :focus {
  text-decoration: underline;
}

.c7 {
  display: flex;
  flex-direction: row;
  flex-wrap: wrap;
  margin-top: 0.5rem;
}

.c8 {
  margin-right: 1rem;
}

.c8 :last-child {
  margin-right: 0px;
}

.c5 {
  display: flex;
  flex-direction: column;
}

.c3 {
  background-color: rgb(255, 255, 255);
  padding-left: 0.5rem;
  padding-right: 0.5rem;
  padding-top: 1rem;
}

.c4 {
  font-size: 3rem;
  line-height: 1;
  font-family: "Krana Fat";
}

.c6 {
  font-size: 1.25rem;
  line-height: 1.75rem;
}

.c0 {
  grid-column: 1/-1;
  padding-top: 3.75rem;
}

@media (min-width: 1200px) {
  .c3 {
    display: flex;
    flex-direction: column;
    justify-content: center;
    max-width: 37.5rem;
    padding-top: 0;
  }
}

@media (min-width: 1200px) {
  .c4 {
    font-size: 5rem;
    line-height: 1;
  }
}

@media (min-width: 1200px) {
  .c6 {
    font-size: 1.5rem;
    line-height: 2rem;
  }
}

@media (min-width: 1200px) {
  .c1 {
    display: flex;
    margin: auto;
  }

  .c1 >.,
  .c1 >.c2 {
    width: 50%;
  }
}

@media (min-width: 1200px) {
  .c1 {
    flex-direction: row-reverse;
  }
}

<div
  class="c0"
>
  <div
    class="c1"
  >
    <div
      class="gatsby-image-wrapper gatsby-image-wrapper-constrained "
      data-gatsby-image-wrapper=""
      style="position: relative; overflow: hidden; display: inline-block; vertical-align: top;"
    >
      <div
        style="max-width: 4032px; display: block;"
      >
        <img
          alt=""
          aria-hidden="true"
          role="presentation"
          src="data:image/svg+xml;charset=utf-8,%3Csvg%20height='1728'%20width='4032'%20xmlns='http://www.w3.org/2000/svg'%20version='1.1'%3E%3C/svg%3E"
          style="max-width: 100%; display: block; position: static;"
        />
      </div>
      <img
        alt=""
        aria-hidden="true"
        data-placeholder-image=""
        decoding="async"
        src="data:image/jpeg;base64,/9j/4AAQSkZJRgABAQEBLAEsAAD/2wBDABALDA4MChAODQ4SERATGCgaGBYWGDEjJR0oOjM9PDkzODdASFxOQERXRTc4UG1RV19iZ2hnPk1xeXBkeFxlZ2P/2wBDARESEhgVGC8aGi9jQjhCY2NjY2NjY2NjY2NjY2NjY2NjY2NjY2NjY2NjY2NjY2NjY2NjY2NjY2NjY2NjY2NjY2P/wAARCAAJABQDAREAAhEBAxEB/8QAFQABAQAAAAAAAAAAAAAAAAAABQT/xAAiEAACAQIGAwEAAAAAAAAAAAABAhEAAwQFEhMxcTI1QXL/xAAYAQEAAwEAAAAAAAAAAAAAAAADAAIEAf/EABsRAQACAwEBAAAAAAAAAAAAAAABAgMRMSES/9oADAMBAAIRAxEAPwA6zlpYFt6BMERxQ7X+TOZ4BsFhVu7qvpUK2lYHdTLTUbHb3kASzIYVWjn6aBWfV9vxPVLLQQz71dj8iu5OQO/Atrg91msN/9k="
        style="height: 100%; left: 0px; position: absolute; top: 0px; width: 100%;"
      />
      <picture>
        <source
          data-srcset="https://images.ctfassets.net/44t6u1r4zgqq/5aPvGwEnquvx8jkXJmkYE5/25e52ab22adc2730dce65ab3686cf060/Lauri-Lavanti-21-9.jpg?w=1008&h=432&q=50&fm=webp 1008w,https://images.ctfassets.net/44t6u1r4zgqq/5aPvGwEnquvx8jkXJmkYE5/25e52ab22adc2730dce65ab3686cf060/Lauri-Lavanti-21-9.jpg?w=2016&h=864&q=50&fm=webp 2016w,https://images.ctfassets.net/44t6u1r4zgqq/5aPvGwEnquvx8jkXJmkYE5/25e52ab22adc2730dce65ab3686cf060/Lauri-Lavanti-21-9.jpg?w=4000&h=1714&q=50&fm=webp 4000w"
          sizes="(min-width: 4032px) 4032px, 100vw"
          type="image/webp"
        />
        <img
          alt="Kuva Lauri Lavannista, taustalla näkyy metsää"
          data-gatsby-image-ssr=""
          data-main-image=""
          data-src="https://images.ctfassets.net/44t6u1r4zgqq/5aPvGwEnquvx8jkXJmkYE5/25e52ab22adc2730dce65ab3686cf060/Lauri-Lavanti-21-9.jpg?w=1008&h=432&fl=progressive&q=50&fm=jpg"
          data-srcset="https://images.ctfassets.net/44t6u1r4zgqq/5aPvGwEnquvx8jkXJmkYE5/25e52ab22adc2730dce65ab3686cf060/Lauri-Lavanti-21-9.jpg?w=1008&h=432&fl=progressive&q=50&fm=jpg 1008w,https://images.ctfassets.net/44t6u1r4zgqq/5aPvGwEnquvx8jkXJmkYE5/25e52ab22adc2730dce65ab3686cf060/Lauri-Lavanti-21-9.jpg?w=2016&h=864&fl=progressive&q=50&fm=jpg 2016w,https://images.ctfassets.net/44t6u1r4zgqq/5aPvGwEnquvx8jkXJmkYE5/25e52ab22adc2730dce65ab3686cf060/Lauri-Lavanti-21-9.jpg?w=4000&h=1714&fl=progressive&q=50&fm=jpg 4000w"
          decoding="async"
          loading="lazy"
          sizes="(min-width: 4032px) 4032px, 100vw"
          style="height: 100%; left: 0px; position: absolute; top: 0px; transform: translateZ(0); transition: opacity 250ms linear; width: 100%; will-change: opacity; opacity: 0;"
        />
      </picture>
      <noscript />
      <script
        type="module"
      >
        const t="undefined"!=typeof HTMLImageElement&&"loading"in HTMLImageElement.prototype;if(t){const t=document.querySelectorAll("img[data-main-image]");for(let e of t){e.dataset.src&&(e.setAttribute("src",e.dataset.src),e.removeAttribute("data-src")),e.dataset.srcset&&(e.setAttribute("srcset",e.dataset.srcset),e.removeAttribute("data-srcset"));const t=e.parentNode.querySelectorAll("source[data-srcset]");for(let e of t)e.setAttribute("srcset",e.dataset.srcset),e.removeAttribute("data-srcset");e.complete&&(e.style.opacity=1,e.parentNode.parentNode.querySelector("[data-placeholder-image]").style.opacity=0)}}
      </script>
    </div>
    <div
      class="c2 c3"
    >
      <h1
        class="c4"
      >
        Banner title
      </h1>
      <aside
        aria-label="Kirjoituksen Banner title meta-tiedot"
        class="c5 c6"
      >
        <time
          datetime="2024-10-4"
        >
          4.10.2024
        </time>
        <ul
          class="c7"
        >
          <li
            class="c8"
          >
            <a
              class="c9"
              href="/kategoria/kirkkonummi/"
            >
              #
              kirkkonummi
            </a>
          </li>
          <li
            class="c8"
          >
            <a
              class="c9"
              href="/kategoria/kuntavaalit/"
            >
              #
              kuntavaalit
            </a>
          </li>
        </ul>
      </aside>
    </div>
  </div>
</div>
`;

exports[`<TitleBanner /> should render minimal 1`] = `
.c3 {
  background-color: rgb(255, 255, 255);
  padding-left: 0.5rem;
  padding-right: 0.5rem;
  padding-top: 1rem;
}

.c4 {
  font-size: 3rem;
  line-height: 1;
  font-family: "Krana Fat";
}

.c0 {
  grid-column: 1/-1;
  padding-top: 3.75rem;
}

@media (min-width: 1200px) {
  .c3 {
    display: flex;
    flex-direction: column;
    justify-content: center;
    max-width: 37.5rem;
    padding-top: 0;
  }
}

@media (min-width: 1200px) {
  .c4 {
    font-size: 5rem;
    line-height: 1;
  }
}

@media (min-width: 1200px) {
  .c1 {
    display: flex;
    margin: auto;
  }

  .c1 >.sc-dntaoT,
  .c1 >.c2 {
    width: 50%;
  }
}

@media (min-width: 1200px) {
  .c1 {
    flex-direction: row-reverse;
  }
}

<div
  class="c0"
>
  <div
    class="c1"
  >
    <div
      class="c2 c3"
    >
      <h1
        class="c4"
      >
        Banner title
      </h1>
    </div>
  </div>
</div>
`;
