// Jest Snapshot v1, https://goo.gl/fbAQLP

exports[`<YearsFrom /> should render 4 when date to count from is 2015-10-10 1`] = `
<span
  class=""
>
  4
</span>
`;

exports[`<YearsFrom /> should render 5 when date to count from is 2015-01-01 1`] = `
<span
  class=""
>
  5
</span>
`;

exports[`<YearsFrom /> should render 20 when date to count from is 1999-07-30 1`] = `
<span
  class=""
>
  20
</span>
`;
