// Jest Snapshot v1, https://goo.gl/fbAQLP

exports[`<SocialShare /> should render 1`] = `
.emotion-0 {
  grid-column-start: 3;
  margin-bottom: 2rem;
  margin-top: 1rem;
  display: -webkit-box;
  display: -webkit-flex;
  display: -ms-flexbox;
  display: flex;
  -webkit-flex-direction: row;
  -ms-flex-direction: row;
  flex-direction: row;
}

.emotion-1 {
  margin-right: 0.5rem;
}

.emotion-2 {
  font-size: 1rem;
  line-height: 1.5rem;
  --tw-text-opacity: 1;
  color: rgb(90 94 0 / var(--tw-text-opacity));
  text-decoration-line: none;
  margin-right: 0.5rem;
  display: -webkit-box;
  display: -webkit-flex;
  display: -ms-flexbox;
  display: flex;
  -webkit-flex-direction: row;
  -ms-flex-direction: row;
  flex-direction: row;
  -webkit-align-items: center;
  -webkit-box-align: center;
  -ms-flex-align: center;
  align-items: center;
}

.emotion-2:hover {
  text-decoration-line: underline;
}

.emotion-2:active {
  text-decoration-line: underline;
}

.emotion-3 {
  display: inline-block;
  height: 1rem;
  width: 1rem;
  --tw-text-opacity: 1;
  color: rgb(66 103 178 / var(--tw-text-opacity));
}

.emotion-5 {
  display: inline-block;
  height: 1rem;
  width: 1rem;
  --tw-text-opacity: 1;
  color: rgb(29 161 242 / var(--tw-text-opacity));
}

.emotion-7 {
  display: inline-block;
  height: 1rem;
  width: 1rem;
  --tw-text-opacity: 1;
  color: rgb(14 118 168 / var(--tw-text-opacity));
}

<aside
  class="emotion-0"
>
  <span
    class="emotion-1"
  >
    Jaa:
  </span>
  <a
    class="emotion-2"
    href="https://www.facebook.com/sharer/sharer.php?u=SiteUrl"
    rel="noopener noreferrer"
    target="_blank"
    title="Jaa Facebookissa"
  >
    <svg
      class="emotion-3"
    >
      <use
        xlink:href="#icon-facebook"
      />
    </svg>
  </a>
  <a
    class="emotion-2"
    href="https://twitter.com/intent/tweet?text=Title%20SiteUrl"
    rel="noopener noreferrer"
    target="_blank"
    title="Jaa Twitterissä"
  >
    <svg
      class="emotion-5"
    >
      <use
        xlink:href="#icon-twitter"
      />
    </svg>
  </a>
  <a
    class="emotion-2"
    href="https://www.linkedin.com/sharing/share-offsite/?url=SiteUrl"
    rel="noopener noreferrer"
    target="_blank"
    title="Jaa LinkedInissä"
  >
    <svg
      class="emotion-7"
    >
      <use
        xlink:href="#icon-linkedin"
      />
    </svg>
  </a>
</aside>
`;
